[epoch 000] loss=1.7621 val_weighted_f1=0.2518 val_macro_f1=0.0850 time=1.7s per_class_f1={'neutral': 0.595, 'joy': 0.0, 'sadness': 0.0, 'anger': 0.0, 'surprise': 0.0, 'fear': 0.0, 'disgust': 0.0}
[epoch 001] loss=1.5214 val_weighted_f1=0.2813 val_macro_f1=0.1134 time=1.5s per_class_f1={'neutral': 0.603, 'joy': 0.012, 'sadness': 0.0, 'anger': 0.0, 'surprise': 0.179, 'fear': 0.0, 'disgust': 0.0}
[epoch 002] loss=1.4663 val_weighted_f1=0.3021 val_macro_f1=0.1316 time=1.5s per_class_f1={'neutral': 0.613, 'joy': 0.077, 'sadness': 0.0, 'anger': 0.0, 'surprise': 0.231, 'fear': 0.0, 'disgust': 0.0}
[epoch 003] loss=1.4193 val_weighted_f1=0.3221 val_macro_f1=0.1492 time=1.5s per_class_f1={'neutral': 0.622, 'joy': 0.139, 'sadness': 0.0, 'anger': 0.0, 'surprise': 0.283, 'fear': 0.0, 'disgust': 0.0}
[epoch 004] loss=1.3911 val_weighted_f1=0.3270 val_macro_f1=0.1529 time=1.6s per_class_f1={'neutral': 0.626, 'joy': 0.155, 'sadness': 0.0, 'anger': 0.0, 'surprise': 0.289, 'fear': 0.0, 'disgust': 0.0}
[epoch 005] loss=1.3653 val_weighted_f1=0.3494 val_macro_f1=0.1736 time=1.5s per_class_f1={'neutral': 0.633, 'joy': 0.222, 'sadness': 0.0, 'anger': 0.0, 'surprise': 0.36, 'fear': 0.0, 'disgust': 0.0}
[epoch 006] loss=1.3402 val_weighted_f1=0.3824 val_macro_f1=0.1998 time=1.5s per_class_f1={'neutral': 0.657, 'joy': 0.347, 'sadness': 0.0, 'anger': 0.013, 'surprise': 0.383, 'fear': 0.0, 'disgust': 0.0}
[epoch 007] loss=1.3263 val_weighted_f1=0.3899 val_macro_f1=0.2075 time=1.5s per_class_f1={'neutral': 0.656, 'joy': 0.354, 'sadness': 0.0, 'anger': 0.06, 'surprise': 0.382, 'fear': 0.0, 'disgust': 0.0}
[epoch 008] loss=1.3131 val_weighted_f1=0.4106 val_macro_f1=0.2238 time=1.5s per_class_f1={'neutral': 0.671, 'joy': 0.436, 'sadness': 0.0, 'anger': 0.061, 'surprise': 0.398, 'fear': 0.0, 'disgust': 0.0}
[epoch 009] loss=1.2970 val_weighted_f1=0.4147 val_macro_f1=0.2282 time=1.5s per_class_f1={'neutral': 0.671, 'joy': 0.444, 'sadness': 0.0, 'anger': 0.073, 'surprise': 0.41, 'fear': 0.0, 'disgust': 0.0}
[epoch 010] loss=1.2898 val_weighted_f1=0.4201 val_macro_f1=0.2326 time=1.5s per_class_f1={'neutral': 0.675, 'joy': 0.439, 'sadness': 0.0, 'anger': 0.116, 'surprise': 0.398, 'fear': 0.0, 'disgust': 0.0}
[epoch 011] loss=1.2771 val_weighted_f1=0.4205 val_macro_f1=0.2330 time=1.5s per_class_f1={'neutral': 0.675, 'joy': 0.436, 'sadness': 0.0, 'anger': 0.116, 'surprise': 0.403, 'fear': 0.0, 'disgust': 0.0}
[epoch 012] loss=1.2667 val_weighted_f1=0.4287 val_macro_f1=0.2399 time=1.5s per_class_f1={'neutral': 0.68, 'joy': 0.447, 'sadness': 0.0, 'anger': 0.126, 'surprise': 0.427, 'fear': 0.0, 'disgust': 0.0}
[epoch 013] loss=1.2596 val_weighted_f1=0.4362 val_macro_f1=0.2519 time=1.5s per_class_f1={'neutral': 0.683, 'joy': 0.452, 'sadness': 0.0, 'anger': 0.143, 'surprise': 0.436, 'fear': 0.049, 'disgust': 0.0}
[epoch 014] loss=1.2511 val_weighted_f1=0.4430 val_macro_f1=0.2578 time=1.5s per_class_f1={'neutral': 0.687, 'joy': 0.461, 'sadness': 0.0, 'anger': 0.153, 'surprise': 0.455, 'fear': 0.049, 'disgust': 0.0}
[epoch 015] loss=1.2429 val_weighted_f1=0.4448 val_macro_f1=0.2603 time=1.5s per_class_f1={'neutral': 0.685, 'joy': 0.455, 'sadness': 0.0, 'anger': 0.147, 'surprise': 0.486, 'fear': 0.049, 'disgust': 0.0}
[epoch 016] loss=1.2414 val_weighted_f1=0.4478 val_macro_f1=0.2622 time=1.5s per_class_f1={'neutral': 0.689, 'joy': 0.469, 'sadness': 0.0, 'anger': 0.153, 'surprise': 0.476, 'fear': 0.049, 'disgust': 0.0}
[epoch 017] loss=1.2321 val_weighted_f1=0.4436 val_macro_f1=0.2567 time=1.5s per_class_f1={'neutral': 0.693, 'joy': 0.449, 'sadness': 0.0, 'anger': 0.149, 'surprise': 0.457, 'fear': 0.049, 'disgust': 0.0}
[epoch 018] loss=1.2276 val_weighted_f1=0.4523 val_macro_f1=0.2655 time=1.5s per_class_f1={'neutral': 0.694, 'joy': 0.452, 'sadness': 0.0, 'anger': 0.198, 'surprise': 0.466, 'fear': 0.049, 'disgust': 0.0}
[epoch 019] loss=1.2223 val_weighted_f1=0.4522 val_macro_f1=0.2643 time=1.5s per_class_f1={'neutral': 0.697, 'joy': 0.464, 'sadness': 0.0, 'anger': 0.17, 'surprise': 0.471, 'fear': 0.049, 'disgust': 0.0}
[epoch 020] loss=1.2162 val_weighted_f1=0.4519 val_macro_f1=0.2638 time=1.5s per_class_f1={'neutral': 0.697, 'joy': 0.465, 'sadness': 0.0, 'anger': 0.165, 'surprise': 0.47, 'fear': 0.049, 'disgust': 0.0}
[epoch 021] loss=1.2163 val_weighted_f1=0.4570 val_macro_f1=0.2677 time=1.5s per_class_f1={'neutral': 0.702, 'joy': 0.468, 'sadness': 0.0, 'anger': 0.183, 'surprise': 0.472, 'fear': 0.049, 'disgust': 0.0}
[epoch 022] loss=1.2030 val_weighted_f1=0.4572 val_macro_f1=0.2689 time=1.4s per_class_f1={'neutral': 0.698, 'joy': 0.471, 'sadness': 0.0, 'anger': 0.193, 'surprise': 0.472, 'fear': 0.048, 'disgust': 0.0}
[epoch 023] loss=1.2063 val_weighted_f1=0.4636 val_macro_f1=0.2750 time=1.5s per_class_f1={'neutral': 0.7, 'joy': 0.476, 'sadness': 0.0, 'anger': 0.232, 'surprise': 0.47, 'fear': 0.048, 'disgust': 0.0}
[epoch 024] loss=1.2028 val_weighted_f1=0.4658 val_macro_f1=0.2771 time=1.6s per_class_f1={'neutral': 0.7, 'joy': 0.474, 'sadness': 0.0, 'anger': 0.248, 'surprise': 0.47, 'fear': 0.048, 'disgust': 0.0}
[epoch 025] loss=1.1999 val_weighted_f1=0.4625 val_macro_f1=0.2720 time=1.5s per_class_f1={'neutral': 0.707, 'joy': 0.462, 'sadness': 0.0, 'anger': 0.233, 'surprise': 0.454, 'fear': 0.048, 'disgust': 0.0}
[epoch 026] loss=1.1959 val_weighted_f1=0.4597 val_macro_f1=0.2705 time=1.5s per_class_f1={'neutral': 0.702, 'joy': 0.47, 'sadness': 0.0, 'anger': 0.208, 'surprise': 0.466, 'fear': 0.048, 'disgust': 0.0}
[epoch 027] loss=1.1960 val_weighted_f1=0.4607 val_macro_f1=0.2710 time=1.5s per_class_f1={'neutral': 0.703, 'joy': 0.472, 'sadness': 0.0, 'anger': 0.208, 'surprise': 0.466, 'fear': 0.048, 'disgust': 0.0}
[epoch 028] loss=1.1890 val_weighted_f1=0.4758 val_macro_f1=0.2852 time=1.5s per_class_f1={'neutral': 0.708, 'joy': 0.474, 'sadness': 0.0, 'anger': 0.271, 'surprise': 0.496, 'fear': 0.048, 'disgust': 0.0}
[epoch 029] loss=1.1928 val_weighted_f1=0.4709 val_macro_f1=0.2809 time=1.5s per_class_f1={'neutral': 0.706, 'joy': 0.474, 'sadness': 0.0, 'anger': 0.228, 'surprise': 0.511, 'fear': 0.048, 'disgust': 0.0}
[epoch 030] loss=1.1867 val_weighted_f1=0.4716 val_macro_f1=0.2802 time=1.5s per_class_f1={'neutral': 0.711, 'joy': 0.468, 'sadness': 0.0, 'anger': 0.24, 'surprise': 0.494, 'fear': 0.048, 'disgust': 0.0}
[epoch 031] loss=1.1801 val_weighted_f1=0.4723 val_macro_f1=0.2822 time=1.5s per_class_f1={'neutral': 0.707, 'joy': 0.476, 'sadness': 0.0, 'anger': 0.246, 'surprise': 0.498, 'fear': 0.048, 'disgust': 0.0}
[epoch 032] loss=1.1814 val_weighted_f1=0.4791 val_macro_f1=0.2876 time=1.5s per_class_f1={'neutral': 0.712, 'joy': 0.477, 'sadness': 0.0, 'anger': 0.271, 'surprise': 0.506, 'fear': 0.048, 'disgust': 0.0}
[epoch 033] loss=1.1803 val_weighted_f1=0.4797 val_macro_f1=0.2875 time=1.5s per_class_f1={'neutral': 0.714, 'joy': 0.476, 'sadness': 0.0, 'anger': 0.264, 'surprise': 0.511, 'fear': 0.048, 'disgust': 0.0}
[epoch 034] loss=1.1803 val_weighted_f1=0.4772 val_macro_f1=0.2864 time=1.5s per_class_f1={'neutral': 0.71, 'joy': 0.477, 'sadness': 0.0, 'anger': 0.244, 'surprise': 0.526, 'fear': 0.048, 'disgust': 0.0}
[epoch 035] loss=1.1766 val_weighted_f1=0.4740 val_macro_f1=0.2821 time=1.6s per_class_f1={'neutral': 0.713, 'joy': 0.469, 'sadness': 0.0, 'anger': 0.249, 'surprise': 0.496, 'fear': 0.048, 'disgust': 0.0}
[epoch 036] loss=1.1729 val_weighted_f1=0.4818 val_macro_f1=0.2905 time=1.5s per_class_f1={'neutral': 0.714, 'joy': 0.477, 'sadness': 0.018, 'anger': 0.263, 'surprise': 0.513, 'fear': 0.048, 'disgust': 0.0}
[epoch 037] loss=1.1795 val_weighted_f1=0.4841 val_macro_f1=0.2918 time=1.5s per_class_f1={'neutral': 0.715, 'joy': 0.486, 'sadness': 0.0, 'anger': 0.276, 'surprise': 0.517, 'fear': 0.048, 'disgust': 0.0}
[epoch 038] loss=1.1704 val_weighted_f1=0.4922 val_macro_f1=0.2997 time=1.5s per_class_f1={'neutral': 0.719, 'joy': 0.491, 'sadness': 0.018, 'anger': 0.297, 'surprise': 0.525, 'fear': 0.048, 'disgust': 0.0}
[epoch 039] loss=1.1743 val_weighted_f1=0.4933 val_macro_f1=0.3031 time=1.5s per_class_f1={'neutral': 0.714, 'joy': 0.476, 'sadness': 0.035, 'anger': 0.317, 'surprise': 0.531, 'fear': 0.048, 'disgust': 0.0}
[epoch 040] loss=1.1724 val_weighted_f1=0.4943 val_macro_f1=0.3040 time=1.5s per_class_f1={'neutral': 0.714, 'joy': 0.484, 'sadness': 0.035, 'anger': 0.317, 'surprise': 0.529, 'fear': 0.048, 'disgust': 0.0}
[epoch 041] loss=1.1739 val_weighted_f1=0.4940 val_macro_f1=0.3030 time=1.5s per_class_f1={'neutral': 0.716, 'joy': 0.502, 'sadness': 0.035, 'anger': 0.29, 'surprise': 0.531, 'fear': 0.048, 'disgust': 0.0}
[epoch 042] loss=1.1692 val_weighted_f1=0.4953 val_macro_f1=0.3046 time=1.5s per_class_f1={'neutral': 0.715, 'joy': 0.498, 'sadness': 0.035, 'anger': 0.294, 'surprise': 0.542, 'fear': 0.048, 'disgust': 0.0}
[epoch 043] loss=1.1685 val_weighted_f1=0.4979 val_macro_f1=0.3071 time=1.5s per_class_f1={'neutral': 0.716, 'joy': 0.495, 'sadness': 0.035, 'anger': 0.31, 'surprise': 0.546, 'fear': 0.048, 'disgust': 0.0}
[epoch 044] loss=1.1683 val_weighted_f1=0.4977 val_macro_f1=0.3067 time=1.5s per_class_f1={'neutral': 0.717, 'joy': 0.503, 'sadness': 0.035, 'anger': 0.304, 'surprise': 0.541, 'fear': 0.048, 'disgust': 0.0}
[epoch 045] loss=1.1697 val_weighted_f1=0.4972 val_macro_f1=0.3068 time=1.5s per_class_f1={'neutral': 0.715, 'joy': 0.494, 'sadness': 0.035, 'anger': 0.31, 'surprise': 0.546, 'fear': 0.048, 'disgust': 0.0}
[epoch 046] loss=1.1590 val_weighted_f1=0.4994 val_macro_f1=0.3082 time=1.5s per_class_f1={'neutral': 0.717, 'joy': 0.505, 'sadness': 0.035, 'anger': 0.305, 'surprise': 0.548, 'fear': 0.048, 'disgust': 0.0}
[epoch 047] loss=1.1621 val_weighted_f1=0.5001 val_macro_f1=0.3089 time=1.5s per_class_f1={'neutral': 0.717, 'joy': 0.505, 'sadness': 0.035, 'anger': 0.31, 'surprise': 0.548, 'fear': 0.048, 'disgust': 0.0}
[epoch 048] loss=1.1633 val_weighted_f1=0.5008 val_macro_f1=0.3096 time=1.4s per_class_f1={'neutral': 0.718, 'joy': 0.498, 'sadness': 0.035, 'anger': 0.322, 'surprise': 0.546, 'fear': 0.048, 'disgust': 0.0}
[epoch 049] loss=1.1608 val_weighted_f1=0.5004 val_macro_f1=0.3094 time=1.5s per_class_f1={'neutral': 0.717, 'joy': 0.509, 'sadness': 0.035, 'anger': 0.308, 'surprise': 0.55, 'fear': 0.048, 'disgust': 0.0}
[epoch 050] loss=1.1617 val_weighted_f1=0.5010 val_macro_f1=0.3095 time=1.5s per_class_f1={'neutral': 0.718, 'joy': 0.505, 'sadness': 0.035, 'anger': 0.311, 'surprise': 0.55, 'fear': 0.048, 'disgust': 0.0}
[epoch 051] loss=1.1572 val_weighted_f1=0.5013 val_macro_f1=0.3099 time=1.5s per_class_f1={'neutral': 0.718, 'joy': 0.502, 'sadness': 0.035, 'anger': 0.317, 'surprise': 0.55, 'fear': 0.048, 'disgust': 0.0}
[epoch 052] loss=1.1557 val_weighted_f1=0.5010 val_macro_f1=0.3094 time=1.5s per_class_f1={'neutral': 0.719, 'joy': 0.505, 'sadness': 0.035, 'anger': 0.31, 'surprise': 0.55, 'fear': 0.048, 'disgust': 0.0}
[epoch 053] loss=1.1581 val_weighted_f1=0.5012 val_macro_f1=0.3099 time=1.5s per_class_f1={'neutral': 0.718, 'joy': 0.508, 'sadness': 0.035, 'anger': 0.311, 'surprise': 0.55, 'fear': 0.048, 'disgust': 0.0}
[epoch 054] loss=1.1579 val_weighted_f1=0.5015 val_macro_f1=0.3097 time=1.5s per_class_f1={'neutral': 0.72, 'joy': 0.506, 'sadness': 0.035, 'anger': 0.306, 'surprise': 0.554, 'fear': 0.048, 'disgust': 0.0}
[epoch 055] loss=1.1497 val_weighted_f1=0.5021 val_macro_f1=0.3105 time=1.5s per_class_f1={'neutral': 0.719, 'joy': 0.508, 'sadness': 0.035, 'anger': 0.308, 'surprise': 0.556, 'fear': 0.048, 'disgust': 0.0}
[epoch 056] loss=1.1563 val_weighted_f1=0.5023 val_macro_f1=0.3108 time=1.5s per_class_f1={'neutral': 0.719, 'joy': 0.512, 'sadness': 0.035, 'anger': 0.308, 'surprise': 0.554, 'fear': 0.048, 'disgust': 0.0}
[epoch 057] loss=1.1571 val_weighted_f1=0.5021 val_macro_f1=0.3105 time=1.5s per_class_f1={'neutral': 0.719, 'joy': 0.508, 'sadness': 0.035, 'anger': 0.308, 'surprise': 0.556, 'fear': 0.048, 'disgust': 0.0}
[epoch 058] loss=1.1544 val_weighted_f1=0.5023 val_macro_f1=0.3110 time=1.5s per_class_f1={'neutral': 0.719, 'joy': 0.498, 'sadness': 0.035, 'anger': 0.318, 'surprise': 0.559, 'fear': 0.048, 'disgust': 0.0}
[epoch 059] loss=1.1577 val_weighted_f1=0.5017 val_macro_f1=0.3108 time=1.5s per_class_f1={'neutral': 0.719, 'joy': 0.498, 'sadness': 0.052, 'anger': 0.304, 'surprise': 0.554, 'fear': 0.048, 'disgust': 0.0}
[epoch 060] loss=1.1556 val_weighted_f1=0.5034 val_macro_f1=0.3125 time=1.5s per_class_f1={'neutral': 0.719, 'joy': 0.498, 'sadness': 0.052, 'anger': 0.316, 'surprise': 0.554, 'fear': 0.048, 'disgust': 0.0}
[epoch 061] loss=1.1632 val_weighted_f1=0.5039 val_macro_f1=0.3131 time=1.5s per_class_f1={'neutral': 0.719, 'joy': 0.5, 'sadness': 0.052, 'anger': 0.313, 'surprise': 0.559, 'fear': 0.048, 'disgust': 0.0}
[epoch 062] loss=1.1630 val_weighted_f1=0.5033 val_macro_f1=0.3125 time=1.5s per_class_f1={'neutral': 0.719, 'joy': 0.508, 'sadness': 0.052, 'anger': 0.31, 'surprise': 0.552, 'fear': 0.048, 'disgust': 0.0}
[epoch 063] loss=1.1504 val_weighted_f1=0.5033 val_macro_f1=0.3125 time=1.5s per_class_f1={'neutral': 0.719, 'joy': 0.508, 'sadness': 0.052, 'anger': 0.31, 'surprise': 0.552, 'fear': 0.048, 'disgust': 0.0}
[epoch 064] loss=1.1585 val_weighted_f1=0.5023 val_macro_f1=0.3108 time=1.5s per_class_f1={'neutral': 0.719, 'joy': 0.508, 'sadness': 0.035, 'anger': 0.31, 'surprise': 0.557, 'fear': 0.048, 'disgust': 0.0}
[epoch 065] loss=1.1529 val_weighted_f1=0.5033 val_macro_f1=0.3125 time=1.5s per_class_f1={'neutral': 0.719, 'joy': 0.508, 'sadness': 0.052, 'anger': 0.31, 'surprise': 0.552, 'fear': 0.048, 'disgust': 0.0}
[epoch 066] loss=1.1499 val_weighted_f1=0.5056 val_macro_f1=0.3146 time=1.5s per_class_f1={'neutral': 0.72, 'joy': 0.5, 'sadness': 0.052, 'anger': 0.323, 'surprise': 0.559, 'fear': 0.048, 'disgust': 0.0}
[epoch 067] loss=1.1517 val_weighted_f1=0.5016 val_macro_f1=0.3100 time=1.5s per_class_f1={'neutral': 0.719, 'joy': 0.503, 'sadness': 0.035, 'anger': 0.306, 'surprise': 0.559, 'fear': 0.048, 'disgust': 0.0}
[epoch 068] loss=1.1504 val_weighted_f1=0.5049 val_macro_f1=0.3137 time=1.5s per_class_f1={'neutral': 0.72, 'joy': 0.505, 'sadness': 0.052, 'anger': 0.312, 'surprise': 0.559, 'fear': 0.048, 'disgust': 0.0}
[epoch 069] loss=1.1480 val_weighted_f1=0.5040 val_macro_f1=0.3130 time=1.5s per_class_f1={'neutral': 0.72, 'joy': 0.5, 'sadness': 0.052, 'anger': 0.312, 'surprise': 0.559, 'fear': 0.048, 'disgust': 0.0}
[epoch 070] loss=1.1460 val_weighted_f1=0.5039 val_macro_f1=0.3127 time=1.5s per_class_f1={'neutral': 0.72, 'joy': 0.505, 'sadness': 0.052, 'anger': 0.31, 'surprise': 0.554, 'fear': 0.048, 'disgust': 0.0}
[epoch 071] loss=1.1509 val_weighted_f1=0.5034 val_macro_f1=0.3124 time=1.5s per_class_f1={'neutral': 0.72, 'joy': 0.498, 'sadness': 0.052, 'anger': 0.315, 'surprise': 0.554, 'fear': 0.048, 'disgust': 0.0}
[epoch 072] loss=1.1531 val_weighted_f1=0.5044 val_macro_f1=0.3134 time=1.5s per_class_f1={'neutral': 0.72, 'joy': 0.498, 'sadness': 0.052, 'anger': 0.316, 'surprise': 0.559, 'fear': 0.048, 'disgust': 0.0}
[epoch 073] loss=1.1494 val_weighted_f1=0.5039 val_macro_f1=0.3127 time=1.5s per_class_f1={'neutral': 0.72, 'joy': 0.505, 'sadness': 0.052, 'anger': 0.31, 'surprise': 0.554, 'fear': 0.048, 'disgust': 0.0}
[epoch 074] loss=1.1479 val_weighted_f1=0.5047 val_macro_f1=0.3137 time=1.6s per_class_f1={'neutral': 0.72, 'joy': 0.505, 'sadness': 0.052, 'anger': 0.314, 'surprise': 0.557, 'fear': 0.048, 'disgust': 0.0}
[epoch 075] loss=1.1440 val_weighted_f1=0.5051 val_macro_f1=0.3141 time=1.5s per_class_f1={'neutral': 0.72, 'joy': 0.502, 'sadness': 0.052, 'anger': 0.32, 'surprise': 0.557, 'fear': 0.048, 'disgust': 0.0}
[epoch 076] loss=1.1534 val_weighted_f1=0.5051 val_macro_f1=0.3141 time=1.5s per_class_f1={'neutral': 0.72, 'joy': 0.502, 'sadness': 0.052, 'anger': 0.32, 'surprise': 0.557, 'fear': 0.048, 'disgust': 0.0}
[trainer] early stopping at epoch 76 (patience=10)
[done] run_name=frozen_deberta_large_foundation_seed42 test_weighted_f1=0.5521 test_macro_f1=0.3161 test_accuracy=0.6138 best_epoch=66
[done] test_posthoc_adjusted_result={'tau_eval': 0.25, 'weighted_f1': 0.5777585191736816, 'macro_f1': 0.35154665885430136, 'per_class_f1': {'neutral': 0.7800205268559699, 'joy': 0.5204460966542751, 'sadness': 0.1092436974789916, 'anger': 0.43523316062176165, 'surprise': 0.497196261682243, 'fear': 0.09090909090909091, 'disgust': 0.027777777777777776}, 'all_classes_nonzero': True}
[cache_logits] split=train wrote 9988 files
[cache_logits] split=dev wrote 1108 files
[cache_logits] split=test wrote 2610 files
[cache_logits] wrote /home/devops/socialarcnet-v2/data/meld/cache/text_deberta_large_logits/manifest.json
