[run] base_fusion_R_frozen_seed42 (text_cache_subdir=text, seed=42)
[epoch 000] loss=1.3316 val_weighted_f1=0.3924 val_macro_f1=0.2091 time=8.3s per_class_f1={'neutral': 0.66, 'joy': 0.354, 'sadness': 0.0, 'anger': 0.037, 'surprise': 0.413, 'fear': 0.0, 'disgust': 0.0}
[epoch 001] loss=1.3298 val_weighted_f1=0.3851 val_macro_f1=0.2038 time=7.8s per_class_f1={'neutral': 0.652, 'joy': 0.353, 'sadness': 0.0, 'anger': 0.037, 'surprise': 0.383, 'fear': 0.0, 'disgust': 0.0}
[epoch 002] loss=1.3236 val_weighted_f1=0.3870 val_macro_f1=0.2051 time=7.8s per_class_f1={'neutral': 0.655, 'joy': 0.337, 'sadness': 0.0, 'anger': 0.061, 'surprise': 0.383, 'fear': 0.0, 'disgust': 0.0}
[epoch 003] loss=1.3187 val_weighted_f1=0.4094 val_macro_f1=0.2257 time=7.8s per_class_f1={'neutral': 0.663, 'joy': 0.367, 'sadness': 0.0, 'anger': 0.154, 'surprise': 0.396, 'fear': 0.0, 'disgust': 0.0}
[epoch 004] loss=1.3063 val_weighted_f1=0.4285 val_macro_f1=0.2394 time=7.9s per_class_f1={'neutral': 0.683, 'joy': 0.36, 'sadness': 0.0, 'anger': 0.236, 'surprise': 0.396, 'fear': 0.0, 'disgust': 0.0}
[epoch 005] loss=1.2974 val_weighted_f1=0.4327 val_macro_f1=0.2427 time=7.8s per_class_f1={'neutral': 0.686, 'joy': 0.385, 'sadness': 0.0, 'anger': 0.241, 'surprise': 0.387, 'fear': 0.0, 'disgust': 0.0}
[epoch 006] loss=1.2857 val_weighted_f1=0.4372 val_macro_f1=0.2466 time=7.9s per_class_f1={'neutral': 0.688, 'joy': 0.403, 'sadness': 0.0, 'anger': 0.239, 'surprise': 0.396, 'fear': 0.0, 'disgust': 0.0}
[epoch 007] loss=1.2833 val_weighted_f1=0.4350 val_macro_f1=0.2450 time=8.2s per_class_f1={'neutral': 0.687, 'joy': 0.391, 'sadness': 0.0, 'anger': 0.219, 'surprise': 0.418, 'fear': 0.0, 'disgust': 0.0}
[epoch 008] loss=1.2738 val_weighted_f1=0.4590 val_macro_f1=0.2646 time=8.3s per_class_f1={'neutral': 0.704, 'joy': 0.386, 'sadness': 0.0, 'anger': 0.332, 'surprise': 0.43, 'fear': 0.0, 'disgust': 0.0}
[epoch 009] loss=1.2768 val_weighted_f1=0.4489 val_macro_f1=0.2545 time=7.9s per_class_f1={'neutral': 0.703, 'joy': 0.378, 'sadness': 0.0, 'anger': 0.257, 'surprise': 0.443, 'fear': 0.0, 'disgust': 0.0}
[epoch 010] loss=1.2648 val_weighted_f1=0.4411 val_macro_f1=0.2496 time=7.9s per_class_f1={'neutral': 0.692, 'joy': 0.386, 'sadness': 0.0, 'anger': 0.274, 'surprise': 0.394, 'fear': 0.0, 'disgust': 0.0}
[epoch 011] loss=1.2653 val_weighted_f1=0.4648 val_macro_f1=0.2704 time=7.8s per_class_f1={'neutral': 0.706, 'joy': 0.379, 'sadness': 0.0, 'anger': 0.338, 'surprise': 0.47, 'fear': 0.0, 'disgust': 0.0}
[epoch 012] loss=1.2535 val_weighted_f1=0.4545 val_macro_f1=0.2597 time=7.8s per_class_f1={'neutral': 0.706, 'joy': 0.38, 'sadness': 0.0, 'anger': 0.271, 'surprise': 0.461, 'fear': 0.0, 'disgust': 0.0}
[epoch 013] loss=1.2511 val_weighted_f1=0.4648 val_macro_f1=0.2705 time=7.7s per_class_f1={'neutral': 0.705, 'joy': 0.377, 'sadness': 0.0, 'anger': 0.342, 'surprise': 0.47, 'fear': 0.0, 'disgust': 0.0}
[epoch 014] loss=1.2480 val_weighted_f1=0.4639 val_macro_f1=0.2695 time=7.8s per_class_f1={'neutral': 0.706, 'joy': 0.379, 'sadness': 0.0, 'anger': 0.352, 'surprise': 0.45, 'fear': 0.0, 'disgust': 0.0}
[epoch 015] loss=1.2445 val_weighted_f1=0.4605 val_macro_f1=0.2670 time=7.6s per_class_f1={'neutral': 0.702, 'joy': 0.391, 'sadness': 0.0, 'anger': 0.315, 'surprise': 0.461, 'fear': 0.0, 'disgust': 0.0}
[epoch 016] loss=1.2398 val_weighted_f1=0.4705 val_macro_f1=0.2746 time=7.6s per_class_f1={'neutral': 0.711, 'joy': 0.399, 'sadness': 0.0, 'anger': 0.358, 'surprise': 0.454, 'fear': 0.0, 'disgust': 0.0}
[epoch 017] loss=1.2323 val_weighted_f1=0.4685 val_macro_f1=0.2745 time=7.8s per_class_f1={'neutral': 0.704, 'joy': 0.395, 'sadness': 0.0, 'anger': 0.35, 'surprise': 0.473, 'fear': 0.0, 'disgust': 0.0}
[epoch 018] loss=1.2224 val_weighted_f1=0.4680 val_macro_f1=0.2736 time=7.8s per_class_f1={'neutral': 0.706, 'joy': 0.398, 'sadness': 0.0, 'anger': 0.343, 'surprise': 0.47, 'fear': 0.0, 'disgust': 0.0}
[epoch 019] loss=1.2258 val_weighted_f1=0.4652 val_macro_f1=0.2709 time=7.7s per_class_f1={'neutral': 0.705, 'joy': 0.374, 'sadness': 0.0, 'anger': 0.357, 'surprise': 0.46, 'fear': 0.0, 'disgust': 0.0}
[epoch 020] loss=1.2138 val_weighted_f1=0.4650 val_macro_f1=0.2718 time=7.7s per_class_f1={'neutral': 0.701, 'joy': 0.397, 'sadness': 0.0, 'anger': 0.346, 'surprise': 0.458, 'fear': 0.0, 'disgust': 0.0}
[epoch 021] loss=1.2135 val_weighted_f1=0.4688 val_macro_f1=0.2733 time=7.7s per_class_f1={'neutral': 0.709, 'joy': 0.414, 'sadness': 0.0, 'anger': 0.324, 'surprise': 0.466, 'fear': 0.0, 'disgust': 0.0}
[epoch 022] loss=1.2057 val_weighted_f1=0.4684 val_macro_f1=0.2741 time=7.7s per_class_f1={'neutral': 0.705, 'joy': 0.404, 'sadness': 0.0, 'anger': 0.331, 'surprise': 0.48, 'fear': 0.0, 'disgust': 0.0}
[epoch 023] loss=1.2024 val_weighted_f1=0.4718 val_macro_f1=0.2773 time=7.8s per_class_f1={'neutral': 0.706, 'joy': 0.414, 'sadness': 0.0, 'anger': 0.352, 'surprise': 0.469, 'fear': 0.0, 'disgust': 0.0}
[epoch 024] loss=1.1991 val_weighted_f1=0.4718 val_macro_f1=0.2772 time=8.2s per_class_f1={'neutral': 0.706, 'joy': 0.414, 'sadness': 0.0, 'anger': 0.345, 'surprise': 0.475, 'fear': 0.0, 'disgust': 0.0}
[epoch 025] loss=1.1944 val_weighted_f1=0.4856 val_macro_f1=0.2907 time=8.3s per_class_f1={'neutral': 0.714, 'joy': 0.401, 'sadness': 0.035, 'anger': 0.377, 'surprise': 0.507, 'fear': 0.0, 'disgust': 0.0}
[epoch 026] loss=1.1904 val_weighted_f1=0.4803 val_macro_f1=0.2841 time=8.3s per_class_f1={'neutral': 0.713, 'joy': 0.406, 'sadness': 0.0, 'anger': 0.388, 'surprise': 0.482, 'fear': 0.0, 'disgust': 0.0}
[epoch 027] loss=1.1869 val_weighted_f1=0.4664 val_macro_f1=0.2728 time=8.2s per_class_f1={'neutral': 0.703, 'joy': 0.393, 'sadness': 0.0, 'anger': 0.349, 'surprise': 0.464, 'fear': 0.0, 'disgust': 0.0}
[epoch 028] loss=1.1820 val_weighted_f1=0.4544 val_macro_f1=0.2652 time=8.4s per_class_f1={'neutral': 0.703, 'joy': 0.425, 'sadness': 0.0, 'anger': 0.23, 'surprise': 0.45, 'fear': 0.049, 'disgust': 0.0}
[epoch 029] loss=1.1766 val_weighted_f1=0.4805 val_macro_f1=0.2896 time=8.1s per_class_f1={'neutral': 0.702, 'joy': 0.391, 'sadness': 0.051, 'anger': 0.41, 'surprise': 0.472, 'fear': 0.0, 'disgust': 0.0}
[epoch 030] loss=1.1757 val_weighted_f1=0.4763 val_macro_f1=0.2830 time=8.3s per_class_f1={'neutral': 0.709, 'joy': 0.402, 'sadness': 0.051, 'anger': 0.353, 'surprise': 0.465, 'fear': 0.0, 'disgust': 0.0}
[epoch 031] loss=1.1681 val_weighted_f1=0.4723 val_macro_f1=0.2786 time=8.2s per_class_f1={'neutral': 0.706, 'joy': 0.407, 'sadness': 0.018, 'anger': 0.336, 'surprise': 0.484, 'fear': 0.0, 'disgust': 0.0}
[epoch 032] loss=1.1688 val_weighted_f1=0.4705 val_macro_f1=0.2754 time=8.1s per_class_f1={'neutral': 0.711, 'joy': 0.399, 'sadness': 0.018, 'anger': 0.331, 'surprise': 0.47, 'fear': 0.0, 'disgust': 0.0}
[epoch 033] loss=1.1623 val_weighted_f1=0.4855 val_macro_f1=0.2963 time=8.1s per_class_f1={'neutral': 0.701, 'joy': 0.388, 'sadness': 0.081, 'anger': 0.413, 'surprise': 0.49, 'fear': 0.0, 'disgust': 0.0}
[epoch 034] loss=1.1589 val_weighted_f1=0.4922 val_macro_f1=0.2977 time=8.1s per_class_f1={'neutral': 0.716, 'joy': 0.407, 'sadness': 0.05, 'anger': 0.403, 'surprise': 0.508, 'fear': 0.0, 'disgust': 0.0}
[epoch 035] loss=1.1529 val_weighted_f1=0.4776 val_macro_f1=0.2886 time=8.1s per_class_f1={'neutral': 0.712, 'joy': 0.431, 'sadness': 0.051, 'anger': 0.292, 'surprise': 0.486, 'fear': 0.049, 'disgust': 0.0}
[epoch 036] loss=1.1504 val_weighted_f1=0.4803 val_macro_f1=0.2864 time=8.0s per_class_f1={'neutral': 0.712, 'joy': 0.406, 'sadness': 0.05, 'anger': 0.36, 'surprise': 0.476, 'fear': 0.0, 'disgust': 0.0}
[epoch 037] loss=1.1499 val_weighted_f1=0.4786 val_macro_f1=0.2899 time=8.1s per_class_f1={'neutral': 0.71, 'joy': 0.441, 'sadness': 0.052, 'anger': 0.311, 'surprise': 0.466, 'fear': 0.049, 'disgust': 0.0}
[epoch 038] loss=1.1438 val_weighted_f1=0.4687 val_macro_f1=0.2748 time=8.0s per_class_f1={'neutral': 0.703, 'joy': 0.429, 'sadness': 0.0, 'anger': 0.331, 'surprise': 0.461, 'fear': 0.0, 'disgust': 0.0}
[epoch 039] loss=1.1422 val_weighted_f1=0.4802 val_macro_f1=0.2878 time=8.0s per_class_f1={'neutral': 0.707, 'joy': 0.414, 'sadness': 0.051, 'anger': 0.348, 'surprise': 0.495, 'fear': 0.0, 'disgust': 0.0}
[epoch 040] loss=1.1328 val_weighted_f1=0.4780 val_macro_f1=0.2860 time=8.0s per_class_f1={'neutral': 0.707, 'joy': 0.412, 'sadness': 0.064, 'anger': 0.348, 'surprise': 0.472, 'fear': 0.0, 'disgust': 0.0}
[epoch 041] loss=1.1339 val_weighted_f1=0.4877 val_macro_f1=0.2928 time=8.0s per_class_f1={'neutral': 0.716, 'joy': 0.417, 'sadness': 0.052, 'anger': 0.367, 'surprise': 0.498, 'fear': 0.0, 'disgust': 0.0}
[epoch 042] loss=1.1336 val_weighted_f1=0.4812 val_macro_f1=0.2870 time=8.0s per_class_f1={'neutral': 0.71, 'joy': 0.436, 'sadness': 0.035, 'anger': 0.345, 'surprise': 0.483, 'fear': 0.0, 'disgust': 0.0}
[epoch 043] loss=1.1299 val_weighted_f1=0.4792 val_macro_f1=0.2849 time=8.0s per_class_f1={'neutral': 0.71, 'joy': 0.432, 'sadness': 0.034, 'anger': 0.339, 'surprise': 0.48, 'fear': 0.0, 'disgust': 0.0}
[epoch 044] loss=1.1232 val_weighted_f1=0.4905 val_macro_f1=0.2984 time=8.0s per_class_f1={'neutral': 0.713, 'joy': 0.413, 'sadness': 0.095, 'anger': 0.391, 'surprise': 0.475, 'fear': 0.0, 'disgust': 0.0}
[epoch 045] loss=1.1253 val_weighted_f1=0.4913 val_macro_f1=0.2974 time=8.0s per_class_f1={'neutral': 0.714, 'joy': 0.426, 'sadness': 0.065, 'anger': 0.389, 'surprise': 0.488, 'fear': 0.0, 'disgust': 0.0}
[epoch 046] loss=1.1178 val_weighted_f1=0.4857 val_macro_f1=0.2912 time=8.1s per_class_f1={'neutral': 0.713, 'joy': 0.435, 'sadness': 0.051, 'anger': 0.353, 'surprise': 0.487, 'fear': 0.0, 'disgust': 0.0}
[epoch 047] loss=1.1094 val_weighted_f1=0.4847 val_macro_f1=0.2890 time=8.1s per_class_f1={'neutral': 0.716, 'joy': 0.414, 'sadness': 0.035, 'anger': 0.369, 'surprise': 0.488, 'fear': 0.0, 'disgust': 0.0}
[epoch 048] loss=1.1155 val_weighted_f1=0.4947 val_macro_f1=0.3060 time=8.1s per_class_f1={'neutral': 0.717, 'joy': 0.423, 'sadness': 0.079, 'anger': 0.38, 'surprise': 0.494, 'fear': 0.049, 'disgust': 0.0}
[epoch 049] loss=1.1096 val_weighted_f1=0.4999 val_macro_f1=0.3059 time=7.6s per_class_f1={'neutral': 0.72, 'joy': 0.397, 'sadness': 0.093, 'anger': 0.423, 'surprise': 0.508, 'fear': 0.0, 'disgust': 0.0}
[epoch 050] loss=1.1100 val_weighted_f1=0.4952 val_macro_f1=0.3004 time=7.8s per_class_f1={'neutral': 0.72, 'joy': 0.423, 'sadness': 0.081, 'anger': 0.373, 'surprise': 0.506, 'fear': 0.0, 'disgust': 0.0}
[epoch 051] loss=1.1066 val_weighted_f1=0.4966 val_macro_f1=0.3017 time=7.8s per_class_f1={'neutral': 0.716, 'joy': 0.439, 'sadness': 0.05, 'anger': 0.396, 'surprise': 0.51, 'fear': 0.0, 'disgust': 0.0}
[epoch 052] loss=1.1037 val_weighted_f1=0.4906 val_macro_f1=0.3014 time=7.8s per_class_f1={'neutral': 0.714, 'joy': 0.434, 'sadness': 0.051, 'anger': 0.373, 'surprise': 0.489, 'fear': 0.049, 'disgust': 0.0}
[epoch 053] loss=1.1014 val_weighted_f1=0.5070 val_macro_f1=0.3196 time=7.7s per_class_f1={'neutral': 0.717, 'joy': 0.42, 'sadness': 0.101, 'anger': 0.435, 'surprise': 0.516, 'fear': 0.049, 'disgust': 0.0}
[epoch 054] loss=1.1007 val_weighted_f1=0.4884 val_macro_f1=0.2985 time=7.7s per_class_f1={'neutral': 0.716, 'joy': 0.436, 'sadness': 0.051, 'anger': 0.347, 'surprise': 0.491, 'fear': 0.049, 'disgust': 0.0}
[epoch 055] loss=1.0921 val_weighted_f1=0.4884 val_macro_f1=0.2996 time=7.6s per_class_f1={'neutral': 0.712, 'joy': 0.436, 'sadness': 0.049, 'anger': 0.372, 'surprise': 0.48, 'fear': 0.049, 'disgust': 0.0}
[epoch 056] loss=1.0926 val_weighted_f1=0.4896 val_macro_f1=0.3026 time=7.6s per_class_f1={'neutral': 0.708, 'joy': 0.439, 'sadness': 0.064, 'anger': 0.378, 'surprise': 0.48, 'fear': 0.049, 'disgust': 0.0}
[epoch 057] loss=1.0876 val_weighted_f1=0.4914 val_macro_f1=0.3033 time=7.7s per_class_f1={'neutral': 0.714, 'joy': 0.432, 'sadness': 0.079, 'anger': 0.353, 'surprise': 0.496, 'fear': 0.049, 'disgust': 0.0}
[epoch 058] loss=1.0925 val_weighted_f1=0.4884 val_macro_f1=0.2991 time=7.7s per_class_f1={'neutral': 0.714, 'joy': 0.429, 'sadness': 0.05, 'anger': 0.35, 'surprise': 0.502, 'fear': 0.049, 'disgust': 0.0}
[epoch 059] loss=1.0862 val_weighted_f1=0.5021 val_macro_f1=0.3139 time=7.6s per_class_f1={'neutral': 0.715, 'joy': 0.445, 'sadness': 0.08, 'anger': 0.412, 'surprise': 0.496, 'fear': 0.049, 'disgust': 0.0}
[epoch 060] loss=1.0846 val_weighted_f1=0.5026 val_macro_f1=0.3137 time=7.7s per_class_f1={'neutral': 0.719, 'joy': 0.436, 'sadness': 0.091, 'anger': 0.411, 'surprise': 0.49, 'fear': 0.049, 'disgust': 0.0}
[epoch 061] loss=1.0828 val_weighted_f1=0.4933 val_macro_f1=0.3037 time=7.9s per_class_f1={'neutral': 0.715, 'joy': 0.43, 'sadness': 0.049, 'anger': 0.38, 'surprise': 0.502, 'fear': 0.049, 'disgust': 0.0}
[epoch 062] loss=1.0776 val_weighted_f1=0.5073 val_macro_f1=0.3182 time=7.6s per_class_f1={'neutral': 0.72, 'joy': 0.426, 'sadness': 0.078, 'anger': 0.434, 'surprise': 0.521, 'fear': 0.049, 'disgust': 0.0}
[epoch 063] loss=1.0788 val_weighted_f1=0.4925 val_macro_f1=0.3042 time=7.7s per_class_f1={'neutral': 0.713, 'joy': 0.444, 'sadness': 0.066, 'anger': 0.361, 'surprise': 0.496, 'fear': 0.049, 'disgust': 0.0}
[trainer] early stopping at epoch 63 (patience=10)
[run-done] base_fusion_R_frozen_seed42 wall_clock_sec=549.1
[status] base_fusion_R_frozen_seed42 test_weighted_f1=0.5276 all_7_nonzero=False
[run] base_fusion_R_frozen_seed1337 (text_cache_subdir=text, seed=1337)
[epoch 000] loss=1.3289 val_weighted_f1=0.3901 val_macro_f1=0.2072 time=7.7s per_class_f1={'neutral': 0.658, 'joy': 0.349, 'sadness': 0.0, 'anger': 0.037, 'surprise': 0.406, 'fear': 0.0, 'disgust': 0.0}
[epoch 001] loss=1.3291 val_weighted_f1=0.3913 val_macro_f1=0.2084 time=8.2s per_class_f1={'neutral': 0.658, 'joy': 0.351, 'sadness': 0.0, 'anger': 0.037, 'surprise': 0.413, 'fear': 0.0, 'disgust': 0.0}
[epoch 002] loss=1.3272 val_weighted_f1=0.3802 val_macro_f1=0.1986 time=8.2s per_class_f1={'neutral': 0.653, 'joy': 0.343, 'sadness': 0.0, 'anger': 0.025, 'surprise': 0.37, 'fear': 0.0, 'disgust': 0.0}
[epoch 003] loss=1.3205 val_weighted_f1=0.4037 val_macro_f1=0.2205 time=8.0s per_class_f1={'neutral': 0.66, 'joy': 0.366, 'sadness': 0.0, 'anger': 0.125, 'surprise': 0.393, 'fear': 0.0, 'disgust': 0.0}
[epoch 004] loss=1.3108 val_weighted_f1=0.4266 val_macro_f1=0.2386 time=8.1s per_class_f1={'neutral': 0.678, 'joy': 0.4, 'sadness': 0.0, 'anger': 0.199, 'surprise': 0.393, 'fear': 0.0, 'disgust': 0.0}
[epoch 005] loss=1.3066 val_weighted_f1=0.4326 val_macro_f1=0.2427 time=8.1s per_class_f1={'neutral': 0.686, 'joy': 0.372, 'sadness': 0.0, 'anger': 0.246, 'surprise': 0.394, 'fear': 0.0, 'disgust': 0.0}
[epoch 006] loss=1.2947 val_weighted_f1=0.4368 val_macro_f1=0.2466 time=8.1s per_class_f1={'neutral': 0.688, 'joy': 0.363, 'sadness': 0.0, 'anger': 0.282, 'surprise': 0.393, 'fear': 0.0, 'disgust': 0.0}
[epoch 007] loss=1.2887 val_weighted_f1=0.4348 val_macro_f1=0.2446 time=8.1s per_class_f1={'neutral': 0.688, 'joy': 0.356, 'sadness': 0.0, 'anger': 0.277, 'surprise': 0.391, 'fear': 0.0, 'disgust': 0.0}
[epoch 008] loss=1.2821 val_weighted_f1=0.4441 val_macro_f1=0.2531 time=8.1s per_class_f1={'neutral': 0.691, 'joy': 0.394, 'sadness': 0.0, 'anger': 0.289, 'surprise': 0.398, 'fear': 0.0, 'disgust': 0.0}
[epoch 009] loss=1.2736 val_weighted_f1=0.4585 val_macro_f1=0.2647 time=8.1s per_class_f1={'neutral': 0.703, 'joy': 0.372, 'sadness': 0.0, 'anger': 0.359, 'surprise': 0.419, 'fear': 0.0, 'disgust': 0.0}
[epoch 010] loss=1.2746 val_weighted_f1=0.4496 val_macro_f1=0.2569 time=8.1s per_class_f1={'neutral': 0.698, 'joy': 0.364, 'sadness': 0.0, 'anger': 0.33, 'surprise': 0.407, 'fear': 0.0, 'disgust': 0.0}
[epoch 011] loss=1.2672 val_weighted_f1=0.4488 val_macro_f1=0.2558 time=8.2s per_class_f1={'neutral': 0.699, 'joy': 0.389, 'sadness': 0.0, 'anger': 0.244, 'surprise': 0.459, 'fear': 0.0, 'disgust': 0.0}
[epoch 012] loss=1.2596 val_weighted_f1=0.4437 val_macro_f1=0.2515 time=8.1s per_class_f1={'neutral': 0.695, 'joy': 0.379, 'sadness': 0.0, 'anger': 0.241, 'surprise': 0.445, 'fear': 0.0, 'disgust': 0.0}
[epoch 013] loss=1.2594 val_weighted_f1=0.4508 val_macro_f1=0.2573 time=8.1s per_class_f1={'neutral': 0.701, 'joy': 0.386, 'sadness': 0.0, 'anger': 0.268, 'surprise': 0.447, 'fear': 0.0, 'disgust': 0.0}
[epoch 014] loss=1.2555 val_weighted_f1=0.4616 val_macro_f1=0.2679 time=8.1s per_class_f1={'neutral': 0.702, 'joy': 0.386, 'sadness': 0.0, 'anger': 0.347, 'surprise': 0.44, 'fear': 0.0, 'disgust': 0.0}
[epoch 015] loss=1.2429 val_weighted_f1=0.4653 val_macro_f1=0.2717 time=8.0s per_class_f1={'neutral': 0.703, 'joy': 0.395, 'sadness': 0.0, 'anger': 0.345, 'surprise': 0.459, 'fear': 0.0, 'disgust': 0.0}
[epoch 016] loss=1.2458 val_weighted_f1=0.4621 val_macro_f1=0.2684 time=8.6s per_class_f1={'neutral': 0.703, 'joy': 0.378, 'sadness': 0.0, 'anger': 0.357, 'surprise': 0.442, 'fear': 0.0, 'disgust': 0.0}
[epoch 017] loss=1.2381 val_weighted_f1=0.4778 val_macro_f1=0.2814 time=8.2s per_class_f1={'neutral': 0.713, 'joy': 0.4, 'sadness': 0.0, 'anger': 0.4, 'surprise': 0.457, 'fear': 0.0, 'disgust': 0.0}
[epoch 018] loss=1.2356 val_weighted_f1=0.4621 val_macro_f1=0.2690 time=8.1s per_class_f1={'neutral': 0.701, 'joy': 0.385, 'sadness': 0.0, 'anger': 0.355, 'surprise': 0.442, 'fear': 0.0, 'disgust': 0.0}
[epoch 019] loss=1.2231 val_weighted_f1=0.4637 val_macro_f1=0.2701 time=8.2s per_class_f1={'neutral': 0.703, 'joy': 0.37, 'sadness': 0.0, 'anger': 0.388, 'surprise': 0.43, 'fear': 0.0, 'disgust': 0.0}
[epoch 020] loss=1.2270 val_weighted_f1=0.4592 val_macro_f1=0.2687 time=8.1s per_class_f1={'neutral': 0.691, 'joy': 0.397, 'sadness': 0.0, 'anger': 0.346, 'surprise': 0.446, 'fear': 0.0, 'disgust': 0.0}
[epoch 021] loss=1.2178 val_weighted_f1=0.4665 val_macro_f1=0.2718 time=8.1s per_class_f1={'neutral': 0.706, 'joy': 0.395, 'sadness': 0.0, 'anger': 0.366, 'surprise': 0.435, 'fear': 0.0, 'disgust': 0.0}
[epoch 022] loss=1.2154 val_weighted_f1=0.4625 val_macro_f1=0.2699 time=8.2s per_class_f1={'neutral': 0.699, 'joy': 0.387, 'sadness': 0.0, 'anger': 0.359, 'surprise': 0.444, 'fear': 0.0, 'disgust': 0.0}
[epoch 023] loss=1.2128 val_weighted_f1=0.4684 val_macro_f1=0.2740 time=8.2s per_class_f1={'neutral': 0.705, 'joy': 0.415, 'sadness': 0.0, 'anger': 0.342, 'surprise': 0.456, 'fear': 0.0, 'disgust': 0.0}
[epoch 024] loss=1.2054 val_weighted_f1=0.4722 val_macro_f1=0.2778 time=8.1s per_class_f1={'neutral': 0.706, 'joy': 0.39, 'sadness': 0.0, 'anger': 0.391, 'surprise': 0.458, 'fear': 0.0, 'disgust': 0.0}
[epoch 025] loss=1.1965 val_weighted_f1=0.4736 val_macro_f1=0.2790 time=8.2s per_class_f1={'neutral': 0.707, 'joy': 0.404, 'sadness': 0.0, 'anger': 0.394, 'surprise': 0.448, 'fear': 0.0, 'disgust': 0.0}
[epoch 026] loss=1.2012 val_weighted_f1=0.4806 val_macro_f1=0.2848 time=8.1s per_class_f1={'neutral': 0.712, 'joy': 0.401, 'sadness': 0.0, 'anger': 0.411, 'surprise': 0.469, 'fear': 0.0, 'disgust': 0.0}
[epoch 027] loss=1.1822 val_weighted_f1=0.4670 val_macro_f1=0.2731 time=8.1s per_class_f1={'neutral': 0.703, 'joy': 0.398, 'sadness': 0.0, 'anger': 0.364, 'surprise': 0.446, 'fear': 0.0, 'disgust': 0.0}
[epoch 028] loss=1.1957 val_weighted_f1=0.4799 val_macro_f1=0.2841 time=8.1s per_class_f1={'neutral': 0.711, 'joy': 0.41, 'sadness': 0.0, 'anger': 0.396, 'surprise': 0.472, 'fear': 0.0, 'disgust': 0.0}
[epoch 029] loss=1.1837 val_weighted_f1=0.4922 val_macro_f1=0.2966 time=8.1s per_class_f1={'neutral': 0.713, 'joy': 0.412, 'sadness': 0.0, 'anger': 0.424, 'surprise': 0.526, 'fear': 0.0, 'disgust': 0.0}
[epoch 030] loss=1.1780 val_weighted_f1=0.4723 val_macro_f1=0.2781 time=8.1s per_class_f1={'neutral': 0.705, 'joy': 0.404, 'sadness': 0.0, 'anger': 0.371, 'surprise': 0.466, 'fear': 0.0, 'disgust': 0.0}
[epoch 031] loss=1.1738 val_weighted_f1=0.4831 val_macro_f1=0.2885 time=8.2s per_class_f1={'neutral': 0.71, 'joy': 0.408, 'sadness': 0.018, 'anger': 0.404, 'surprise': 0.48, 'fear': 0.0, 'disgust': 0.0}
[epoch 032] loss=1.1682 val_weighted_f1=0.4802 val_macro_f1=0.2918 time=8.2s per_class_f1={'neutral': 0.705, 'joy': 0.433, 'sadness': 0.018, 'anger': 0.346, 'surprise': 0.492, 'fear': 0.049, 'disgust': 0.0}
[epoch 033] loss=1.1657 val_weighted_f1=0.4835 val_macro_f1=0.2906 time=8.2s per_class_f1={'neutral': 0.707, 'joy': 0.394, 'sadness': 0.033, 'anger': 0.434, 'surprise': 0.466, 'fear': 0.0, 'disgust': 0.0}
[epoch 034] loss=1.1651 val_weighted_f1=0.4804 val_macro_f1=0.2907 time=8.1s per_class_f1={'neutral': 0.71, 'joy': 0.415, 'sadness': 0.018, 'anger': 0.355, 'surprise': 0.489, 'fear': 0.049, 'disgust': 0.0}
[epoch 035] loss=1.1621 val_weighted_f1=0.4725 val_macro_f1=0.2826 time=8.1s per_class_f1={'neutral': 0.708, 'joy': 0.414, 'sadness': 0.0, 'anger': 0.325, 'surprise': 0.482, 'fear': 0.049, 'disgust': 0.0}
[epoch 036] loss=1.1600 val_weighted_f1=0.4895 val_macro_f1=0.2954 time=8.1s per_class_f1={'neutral': 0.712, 'joy': 0.397, 'sadness': 0.034, 'anger': 0.442, 'surprise': 0.482, 'fear': 0.0, 'disgust': 0.0}
[epoch 037] loss=1.1531 val_weighted_f1=0.4717 val_macro_f1=0.2827 time=8.0s per_class_f1={'neutral': 0.707, 'joy': 0.408, 'sadness': 0.018, 'anger': 0.336, 'surprise': 0.462, 'fear': 0.049, 'disgust': 0.0}
[epoch 038] loss=1.1539 val_weighted_f1=0.4723 val_macro_f1=0.2822 time=8.1s per_class_f1={'neutral': 0.708, 'joy': 0.419, 'sadness': 0.0, 'anger': 0.335, 'surprise': 0.465, 'fear': 0.049, 'disgust': 0.0}
[epoch 039] loss=1.1428 val_weighted_f1=0.4706 val_macro_f1=0.2814 time=8.0s per_class_f1={'neutral': 0.708, 'joy': 0.414, 'sadness': 0.018, 'anger': 0.293, 'surprise': 0.488, 'fear': 0.049, 'disgust': 0.0}
[trainer] early stopping at epoch 39 (patience=10)
[run-done] base_fusion_R_frozen_seed1337 wall_clock_sec=352.2
[status] base_fusion_R_frozen_seed1337 test_weighted_f1=0.5300 all_7_nonzero=False
[run] base_fusion_R_frozen_seed2024 (text_cache_subdir=text, seed=2024)
[epoch 000] loss=1.3297 val_weighted_f1=0.3901 val_macro_f1=0.2073 time=8.1s per_class_f1={'neutral': 0.658, 'joy': 0.351, 'sadness': 0.0, 'anger': 0.037, 'surprise': 0.406, 'fear': 0.0, 'disgust': 0.0}
[epoch 001] loss=1.3315 val_weighted_f1=0.3879 val_macro_f1=0.2053 time=8.2s per_class_f1={'neutral': 0.657, 'joy': 0.345, 'sadness': 0.0, 'anger': 0.037, 'surprise': 0.398, 'fear': 0.0, 'disgust': 0.0}
[epoch 002] loss=1.3255 val_weighted_f1=0.4142 val_macro_f1=0.2299 time=8.0s per_class_f1={'neutral': 0.665, 'joy': 0.369, 'sadness': 0.0, 'anger': 0.162, 'surprise': 0.413, 'fear': 0.0, 'disgust': 0.0}
[epoch 003] loss=1.3143 val_weighted_f1=0.4284 val_macro_f1=0.2411 time=8.0s per_class_f1={'neutral': 0.677, 'joy': 0.376, 'sadness': 0.0, 'anger': 0.22, 'surprise': 0.414, 'fear': 0.0, 'disgust': 0.0}
[epoch 004] loss=1.3011 val_weighted_f1=0.4315 val_macro_f1=0.2424 time=8.1s per_class_f1={'neutral': 0.684, 'joy': 0.361, 'sadness': 0.0, 'anger': 0.247, 'surprise': 0.406, 'fear': 0.0, 'disgust': 0.0}
[epoch 005] loss=1.2969 val_weighted_f1=0.4473 val_macro_f1=0.2546 time=8.2s per_class_f1={'neutral': 0.698, 'joy': 0.346, 'sadness': 0.0, 'anger': 0.345, 'surprise': 0.393, 'fear': 0.0, 'disgust': 0.0}
[epoch 006] loss=1.2900 val_weighted_f1=0.4463 val_macro_f1=0.2540 time=8.1s per_class_f1={'neutral': 0.697, 'joy': 0.358, 'sadness': 0.0, 'anger': 0.311, 'surprise': 0.412, 'fear': 0.0, 'disgust': 0.0}
[epoch 007] loss=1.2822 val_weighted_f1=0.4462 val_macro_f1=0.2527 time=8.1s per_class_f1={'neutral': 0.7, 'joy': 0.364, 'sadness': 0.0, 'anger': 0.303, 'surprise': 0.402, 'fear': 0.0, 'disgust': 0.0}
[epoch 008] loss=1.2790 val_weighted_f1=0.4521 val_macro_f1=0.2583 time=8.2s per_class_f1={'neutral': 0.702, 'joy': 0.36, 'sadness': 0.0, 'anger': 0.315, 'surprise': 0.431, 'fear': 0.0, 'disgust': 0.0}
[epoch 009] loss=1.2757 val_weighted_f1=0.4602 val_macro_f1=0.2662 time=8.1s per_class_f1={'neutral': 0.703, 'joy': 0.388, 'sadness': 0.0, 'anger': 0.32, 'surprise': 0.453, 'fear': 0.0, 'disgust': 0.0}
[epoch 010] loss=1.2672 val_weighted_f1=0.4463 val_macro_f1=0.2538 time=8.1s per_class_f1={'neutral': 0.696, 'joy': 0.382, 'sadness': 0.0, 'anger': 0.282, 'surprise': 0.416, 'fear': 0.0, 'disgust': 0.0}
[epoch 011] loss=1.2615 val_weighted_f1=0.4526 val_macro_f1=0.2594 time=8.1s per_class_f1={'neutral': 0.7, 'joy': 0.381, 'sadness': 0.0, 'anger': 0.301, 'surprise': 0.434, 'fear': 0.0, 'disgust': 0.0}
[epoch 012] loss=1.2562 val_weighted_f1=0.4622 val_macro_f1=0.2679 time=8.1s per_class_f1={'neutral': 0.705, 'joy': 0.382, 'sadness': 0.0, 'anger': 0.333, 'surprise': 0.455, 'fear': 0.0, 'disgust': 0.0}
[epoch 013] loss=1.2548 val_weighted_f1=0.4632 val_macro_f1=0.2696 time=8.1s per_class_f1={'neutral': 0.703, 'joy': 0.385, 'sadness': 0.0, 'anger': 0.341, 'surprise': 0.458, 'fear': 0.0, 'disgust': 0.0}
[epoch 014] loss=1.2443 val_weighted_f1=0.4566 val_macro_f1=0.2607 time=8.1s per_class_f1={'neutral': 0.709, 'joy': 0.397, 'sadness': 0.0, 'anger': 0.249, 'surprise': 0.47, 'fear': 0.0, 'disgust': 0.0}
[epoch 015] loss=1.2453 val_weighted_f1=0.4701 val_macro_f1=0.2745 time=8.1s per_class_f1={'neutral': 0.71, 'joy': 0.399, 'sadness': 0.0, 'anger': 0.35, 'surprise': 0.463, 'fear': 0.0, 'disgust': 0.0}
[epoch 016] loss=1.2386 val_weighted_f1=0.4637 val_macro_f1=0.2685 time=8.1s per_class_f1={'neutral': 0.708, 'joy': 0.396, 'sadness': 0.0, 'anger': 0.312, 'surprise': 0.463, 'fear': 0.0, 'disgust': 0.0}
[epoch 017] loss=1.2356 val_weighted_f1=0.4686 val_macro_f1=0.2737 time=8.1s per_class_f1={'neutral': 0.707, 'joy': 0.403, 'sadness': 0.0, 'anger': 0.326, 'surprise': 0.479, 'fear': 0.0, 'disgust': 0.0}
[epoch 018] loss=1.2320 val_weighted_f1=0.4601 val_macro_f1=0.2663 time=8.1s per_class_f1={'neutral': 0.702, 'joy': 0.401, 'sadness': 0.0, 'anger': 0.292, 'surprise': 0.468, 'fear': 0.0, 'disgust': 0.0}
[epoch 019] loss=1.2245 val_weighted_f1=0.4753 val_macro_f1=0.2794 time=8.1s per_class_f1={'neutral': 0.711, 'joy': 0.394, 'sadness': 0.0, 'anger': 0.397, 'surprise': 0.453, 'fear': 0.0, 'disgust': 0.0}
[epoch 020] loss=1.2191 val_weighted_f1=0.4784 val_macro_f1=0.2819 time=8.1s per_class_f1={'neutral': 0.714, 'joy': 0.393, 'sadness': 0.0, 'anger': 0.382, 'surprise': 0.483, 'fear': 0.0, 'disgust': 0.0}
[epoch 021] loss=1.2129 val_weighted_f1=0.4663 val_macro_f1=0.2703 time=8.1s per_class_f1={'neutral': 0.71, 'joy': 0.41, 'sadness': 0.0, 'anger': 0.274, 'surprise': 0.498, 'fear': 0.0, 'disgust': 0.0}
[epoch 022] loss=1.2065 val_weighted_f1=0.4727 val_macro_f1=0.2773 time=8.2s per_class_f1={'neutral': 0.709, 'joy': 0.402, 'sadness': 0.0, 'anger': 0.364, 'surprise': 0.466, 'fear': 0.0, 'disgust': 0.0}
[epoch 023] loss=1.2043 val_weighted_f1=0.4564 val_macro_f1=0.2638 time=8.2s per_class_f1={'neutral': 0.699, 'joy': 0.385, 'sadness': 0.0, 'anger': 0.293, 'surprise': 0.469, 'fear': 0.0, 'disgust': 0.0}
[epoch 024] loss=1.1983 val_weighted_f1=0.4637 val_macro_f1=0.2703 time=8.1s per_class_f1={'neutral': 0.702, 'joy': 0.394, 'sadness': 0.0, 'anger': 0.335, 'surprise': 0.462, 'fear': 0.0, 'disgust': 0.0}
[epoch 025] loss=1.1980 val_weighted_f1=0.4662 val_macro_f1=0.2712 time=8.1s per_class_f1={'neutral': 0.707, 'joy': 0.418, 'sadness': 0.0, 'anger': 0.298, 'surprise': 0.475, 'fear': 0.0, 'disgust': 0.0}
[epoch 026] loss=1.1926 val_weighted_f1=0.4638 val_macro_f1=0.2698 time=8.1s per_class_f1={'neutral': 0.703, 'joy': 0.403, 'sadness': 0.0, 'anger': 0.339, 'surprise': 0.444, 'fear': 0.0, 'disgust': 0.0}
[epoch 027] loss=1.1893 val_weighted_f1=0.4662 val_macro_f1=0.2693 time=8.2s per_class_f1={'neutral': 0.714, 'joy': 0.403, 'sadness': 0.0, 'anger': 0.305, 'surprise': 0.464, 'fear': 0.0, 'disgust': 0.0}
[epoch 028] loss=1.1864 val_weighted_f1=0.4911 val_macro_f1=0.3002 time=8.5s per_class_f1={'neutral': 0.71, 'joy': 0.383, 'sadness': 0.098, 'anger': 0.423, 'surprise': 0.488, 'fear': 0.0, 'disgust': 0.0}
[epoch 029] loss=1.1808 val_weighted_f1=0.4807 val_macro_f1=0.2856 time=8.1s per_class_f1={'neutral': 0.711, 'joy': 0.409, 'sadness': 0.018, 'anger': 0.386, 'surprise': 0.475, 'fear': 0.0, 'disgust': 0.0}
[epoch 030] loss=1.1762 val_weighted_f1=0.4797 val_macro_f1=0.2860 time=8.2s per_class_f1={'neutral': 0.709, 'joy': 0.429, 'sadness': 0.035, 'anger': 0.355, 'surprise': 0.474, 'fear': 0.0, 'disgust': 0.0}
[epoch 031] loss=1.1694 val_weighted_f1=0.4673 val_macro_f1=0.2780 time=8.1s per_class_f1={'neutral': 0.708, 'joy': 0.419, 'sadness': 0.018, 'anger': 0.26, 'surprise': 0.492, 'fear': 0.049, 'disgust': 0.0}
[epoch 032] loss=1.1704 val_weighted_f1=0.4726 val_macro_f1=0.2796 time=8.1s per_class_f1={'neutral': 0.706, 'joy': 0.396, 'sadness': 0.034, 'anger': 0.364, 'surprise': 0.457, 'fear': 0.0, 'disgust': 0.0}
[epoch 033] loss=1.1634 val_weighted_f1=0.4773 val_macro_f1=0.2820 time=8.1s per_class_f1={'neutral': 0.712, 'joy': 0.402, 'sadness': 0.018, 'anger': 0.363, 'surprise': 0.478, 'fear': 0.0, 'disgust': 0.0}
[epoch 034] loss=1.1584 val_weighted_f1=0.4813 val_macro_f1=0.2868 time=8.1s per_class_f1={'neutral': 0.71, 'joy': 0.392, 'sadness': 0.018, 'anger': 0.394, 'surprise': 0.494, 'fear': 0.0, 'disgust': 0.0}
[epoch 035] loss=1.1508 val_weighted_f1=0.4952 val_macro_f1=0.3094 time=8.1s per_class_f1={'neutral': 0.709, 'joy': 0.392, 'sadness': 0.083, 'anger': 0.41, 'surprise': 0.523, 'fear': 0.049, 'disgust': 0.0}
[epoch 036] loss=1.1548 val_weighted_f1=0.4784 val_macro_f1=0.2844 time=8.1s per_class_f1={'neutral': 0.709, 'joy': 0.419, 'sadness': 0.034, 'anger': 0.358, 'surprise': 0.47, 'fear': 0.0, 'disgust': 0.0}
[epoch 037] loss=1.1429 val_weighted_f1=0.4842 val_macro_f1=0.2957 time=8.1s per_class_f1={'neutral': 0.709, 'joy': 0.411, 'sadness': 0.034, 'anger': 0.385, 'surprise': 0.481, 'fear': 0.049, 'disgust': 0.0}
[epoch 038] loss=1.1427 val_weighted_f1=0.4712 val_macro_f1=0.2826 time=8.1s per_class_f1={'neutral': 0.705, 'joy': 0.412, 'sadness': 0.018, 'anger': 0.336, 'surprise': 0.458, 'fear': 0.049, 'disgust': 0.0}
[epoch 039] loss=1.1386 val_weighted_f1=0.4852 val_macro_f1=0.3001 time=8.1s per_class_f1={'neutral': 0.707, 'joy': 0.386, 'sadness': 0.096, 'anger': 0.34, 'surprise': 0.523, 'fear': 0.049, 'disgust': 0.0}
[epoch 040] loss=1.1376 val_weighted_f1=0.4945 val_macro_f1=0.3022 time=8.1s per_class_f1={'neutral': 0.714, 'joy': 0.399, 'sadness': 0.094, 'anger': 0.42, 'surprise': 0.488, 'fear': 0.0, 'disgust': 0.0}
[epoch 041] loss=1.1387 val_weighted_f1=0.4743 val_macro_f1=0.2856 time=8.2s per_class_f1={'neutral': 0.709, 'joy': 0.408, 'sadness': 0.034, 'anger': 0.325, 'surprise': 0.475, 'fear': 0.049, 'disgust': 0.0}
[epoch 042] loss=1.1312 val_weighted_f1=0.4761 val_macro_f1=0.2885 time=8.1s per_class_f1={'neutral': 0.706, 'joy': 0.399, 'sadness': 0.035, 'anger': 0.337, 'surprise': 0.494, 'fear': 0.049, 'disgust': 0.0}
[epoch 043] loss=1.1267 val_weighted_f1=0.4739 val_macro_f1=0.2853 time=8.2s per_class_f1={'neutral': 0.708, 'joy': 0.41, 'sadness': 0.035, 'anger': 0.315, 'surprise': 0.48, 'fear': 0.049, 'disgust': 0.0}
[epoch 044] loss=1.1253 val_weighted_f1=0.4865 val_macro_f1=0.2990 time=8.1s per_class_f1={'neutral': 0.71, 'joy': 0.427, 'sadness': 0.067, 'anger': 0.348, 'surprise': 0.492, 'fear': 0.049, 'disgust': 0.0}
[epoch 045] loss=1.1226 val_weighted_f1=0.4921 val_macro_f1=0.3042 time=8.2s per_class_f1={'neutral': 0.711, 'joy': 0.4, 'sadness': 0.05, 'anger': 0.403, 'surprise': 0.517, 'fear': 0.049, 'disgust': 0.0}
[trainer] early stopping at epoch 45 (patience=10)
[run-done] base_fusion_R_frozen_seed2024 wall_clock_sec=405.1
[status] base_fusion_R_frozen_seed2024 test_weighted_f1=0.5294 all_7_nonzero=False
[run] full_R_frozen_seed42 (text_cache_subdir=text, seed=42)
[trainer] shift pos_weight=0.7928
[epoch 000] loss=1.6378 val_weighted_f1=0.3913 val_macro_f1=0.2084 val_shift_f1=0.1862 time=24.0s per_class_f1={'neutral': 0.658, 'joy': 0.351, 'sadness': 0.0, 'anger': 0.037, 'surprise': 0.413, 'fear': 0.0, 'disgust': 0.0}
[epoch 001] loss=1.6340 val_weighted_f1=0.3951 val_macro_f1=0.2125 val_shift_f1=0.4667 time=24.2s per_class_f1={'neutral': 0.658, 'joy': 0.355, 'sadness': 0.0, 'anger': 0.061, 'surprise': 0.413, 'fear': 0.0, 'disgust': 0.0}
[epoch 002] loss=1.6268 val_weighted_f1=0.4119 val_macro_f1=0.2286 val_shift_f1=0.4880 time=24.3s per_class_f1={'neutral': 0.661, 'joy': 0.379, 'sadness': 0.0, 'anger': 0.147, 'surprise': 0.413, 'fear': 0.0, 'disgust': 0.0}
[epoch 003] loss=1.6119 val_weighted_f1=0.4213 val_macro_f1=0.2330 val_shift_f1=0.4722 time=24.4s per_class_f1={'neutral': 0.68, 'joy': 0.344, 'sadness': 0.0, 'anger': 0.216, 'surprise': 0.391, 'fear': 0.0, 'disgust': 0.0}
[epoch 004] loss=1.5909 val_weighted_f1=0.4406 val_macro_f1=0.2512 val_shift_f1=0.6344 time=24.1s per_class_f1={'neutral': 0.687, 'joy': 0.346, 'sadness': 0.0, 'anger': 0.313, 'surprise': 0.412, 'fear': 0.0, 'disgust': 0.0}
[epoch 005] loss=1.5676 val_weighted_f1=0.4351 val_macro_f1=0.2461 val_shift_f1=0.5958 time=24.5s per_class_f1={'neutral': 0.684, 'joy': 0.354, 'sadness': 0.0, 'anger': 0.265, 'surprise': 0.419, 'fear': 0.0, 'disgust': 0.0}
[epoch 006] loss=1.5322 val_weighted_f1=0.4392 val_macro_f1=0.2505 val_shift_f1=0.5693 time=24.3s per_class_f1={'neutral': 0.684, 'joy': 0.338, 'sadness': 0.0, 'anger': 0.305, 'surprise': 0.426, 'fear': 0.0, 'disgust': 0.0}
[epoch 007] loss=1.4989 val_weighted_f1=0.4460 val_macro_f1=0.2571 val_shift_f1=0.5728 time=24.3s per_class_f1={'neutral': 0.685, 'joy': 0.368, 'sadness': 0.0, 'anger': 0.326, 'surprise': 0.421, 'fear': 0.0, 'disgust': 0.0}
[epoch 008] loss=1.4542 val_weighted_f1=0.4408 val_macro_f1=0.2561 val_shift_f1=0.5118 time=23.9s per_class_f1={'neutral': 0.676, 'joy': 0.333, 'sadness': 0.035, 'anger': 0.319, 'surprise': 0.43, 'fear': 0.0, 'disgust': 0.0}
[epoch 009] loss=1.4078 val_weighted_f1=0.4452 val_macro_f1=0.2590 val_shift_f1=0.6033 time=24.4s per_class_f1={'neutral': 0.679, 'joy': 0.337, 'sadness': 0.017, 'anger': 0.328, 'surprise': 0.452, 'fear': 0.0, 'disgust': 0.0}
[epoch 010] loss=1.3549 val_weighted_f1=0.4562 val_macro_f1=0.2747 val_shift_f1=0.6441 time=24.4s per_class_f1={'neutral': 0.673, 'joy': 0.351, 'sadness': 0.091, 'anger': 0.374, 'surprise': 0.434, 'fear': 0.0, 'disgust': 0.0}
[epoch 011] loss=1.3079 val_weighted_f1=0.4401 val_macro_f1=0.2591 val_shift_f1=0.5799 time=24.2s per_class_f1={'neutral': 0.666, 'joy': 0.343, 'sadness': 0.06, 'anger': 0.337, 'surprise': 0.408, 'fear': 0.0, 'disgust': 0.0}
[epoch 012] loss=1.2579 val_weighted_f1=0.4288 val_macro_f1=0.2485 val_shift_f1=0.5741 time=24.3s per_class_f1={'neutral': 0.66, 'joy': 0.345, 'sadness': 0.048, 'anger': 0.3, 'surprise': 0.386, 'fear': 0.0, 'disgust': 0.0}
[epoch 013] loss=1.2124 val_weighted_f1=0.4403 val_macro_f1=0.2632 val_shift_f1=0.5864 time=24.4s per_class_f1={'neutral': 0.651, 'joy': 0.342, 'sadness': 0.048, 'anger': 0.374, 'surprise': 0.427, 'fear': 0.0, 'disgust': 0.0}
[epoch 014] loss=1.1698 val_weighted_f1=0.4304 val_macro_f1=0.2607 val_shift_f1=0.6251 time=24.2s per_class_f1={'neutral': 0.643, 'joy': 0.271, 'sadness': 0.172, 'anger': 0.368, 'surprise': 0.37, 'fear': 0.0, 'disgust': 0.0}
[epoch 015] loss=1.1312 val_weighted_f1=0.4301 val_macro_f1=0.2607 val_shift_f1=0.6079 time=24.5s per_class_f1={'neutral': 0.635, 'joy': 0.318, 'sadness': 0.128, 'anger': 0.364, 'surprise': 0.381, 'fear': 0.0, 'disgust': 0.0}
[epoch 016] loss=1.0951 val_weighted_f1=0.4341 val_macro_f1=0.2600 val_shift_f1=0.5882 time=24.2s per_class_f1={'neutral': 0.646, 'joy': 0.329, 'sadness': 0.089, 'anger': 0.353, 'surprise': 0.403, 'fear': 0.0, 'disgust': 0.0}
[epoch 017] loss=1.0462 val_weighted_f1=0.4058 val_macro_f1=0.2365 val_shift_f1=0.5958 time=24.1s per_class_f1={'neutral': 0.626, 'joy': 0.331, 'sadness': 0.089, 'anger': 0.241, 'surprise': 0.368, 'fear': 0.0, 'disgust': 0.0}
[epoch 018] loss=1.0015 val_weighted_f1=0.4142 val_macro_f1=0.2463 val_shift_f1=0.6181 time=23.6s per_class_f1={'neutral': 0.628, 'joy': 0.303, 'sadness': 0.129, 'anger': 0.312, 'surprise': 0.352, 'fear': 0.0, 'disgust': 0.0}
[epoch 019] loss=0.9604 val_weighted_f1=0.4052 val_macro_f1=0.2358 val_shift_f1=0.6253 time=23.9s per_class_f1={'neutral': 0.631, 'joy': 0.319, 'sadness': 0.123, 'anger': 0.208, 'surprise': 0.369, 'fear': 0.0, 'disgust': 0.0}
[epoch 020] loss=0.9237 val_weighted_f1=0.4181 val_macro_f1=0.2537 val_shift_f1=0.6310 time=24.3s per_class_f1={'neutral': 0.624, 'joy': 0.266, 'sadness': 0.171, 'anger': 0.356, 'surprise': 0.359, 'fear': 0.0, 'disgust': 0.0}
[trainer] early stopping at epoch 20 (patience=10)
[run-done] full_R_frozen_seed42 wall_clock_sec=564.4
[status] full_R_frozen_seed42 test_weighted_f1=0.4893 all_7_nonzero=False
[run] full_R_frozen_seed1337 (text_cache_subdir=text, seed=1337)
[trainer] shift pos_weight=0.7928
[epoch 000] loss=1.6343 val_weighted_f1=0.3920 val_macro_f1=0.2092 val_shift_f1=0.6014 time=24.2s per_class_f1={'neutral': 0.658, 'joy': 0.352, 'sadness': 0.0, 'anger': 0.049, 'surprise': 0.406, 'fear': 0.0, 'disgust': 0.0}
[epoch 001] loss=1.6359 val_weighted_f1=0.3951 val_macro_f1=0.2122 val_shift_f1=0.3789 time=24.6s per_class_f1={'neutral': 0.659, 'joy': 0.353, 'sadness': 0.0, 'anger': 0.061, 'surprise': 0.413, 'fear': 0.0, 'disgust': 0.0}
[epoch 002] loss=1.6261 val_weighted_f1=0.4150 val_macro_f1=0.2305 val_shift_f1=0.6441 time=23.9s per_class_f1={'neutral': 0.666, 'joy': 0.361, 'sadness': 0.0, 'anger': 0.187, 'surprise': 0.4, 'fear': 0.0, 'disgust': 0.0}
[epoch 003] loss=1.6120 val_weighted_f1=0.4144 val_macro_f1=0.2302 val_shift_f1=0.5577 time=24.4s per_class_f1={'neutral': 0.665, 'joy': 0.362, 'sadness': 0.0, 'anger': 0.191, 'surprise': 0.393, 'fear': 0.0, 'disgust': 0.0}
[epoch 004] loss=1.5938 val_weighted_f1=0.4187 val_macro_f1=0.2341 val_shift_f1=0.5165 time=24.7s per_class_f1={'neutral': 0.667, 'joy': 0.357, 'sadness': 0.0, 'anger': 0.211, 'surprise': 0.404, 'fear': 0.0, 'disgust': 0.0}
[epoch 005] loss=1.5672 val_weighted_f1=0.4422 val_macro_f1=0.2544 val_shift_f1=0.6021 time=24.7s per_class_f1={'neutral': 0.682, 'joy': 0.326, 'sadness': 0.0, 'anger': 0.345, 'surprise': 0.427, 'fear': 0.0, 'disgust': 0.0}
[epoch 006] loss=1.5378 val_weighted_f1=0.4528 val_macro_f1=0.2634 val_shift_f1=0.4163 time=23.5s per_class_f1={'neutral': 0.687, 'joy': 0.383, 'sadness': 0.0, 'anger': 0.341, 'surprise': 0.434, 'fear': 0.0, 'disgust': 0.0}
[epoch 007] loss=1.5001 val_weighted_f1=0.4254 val_macro_f1=0.2407 val_shift_f1=0.5282 time=24.4s per_class_f1={'neutral': 0.669, 'joy': 0.338, 'sadness': 0.0, 'anger': 0.247, 'surprise': 0.431, 'fear': 0.0, 'disgust': 0.0}
[epoch 008] loss=1.4524 val_weighted_f1=0.4513 val_macro_f1=0.2641 val_shift_f1=0.5586 time=24.8s per_class_f1={'neutral': 0.683, 'joy': 0.342, 'sadness': 0.018, 'anger': 0.364, 'surprise': 0.442, 'fear': 0.0, 'disgust': 0.0}
[epoch 009] loss=1.3999 val_weighted_f1=0.4653 val_macro_f1=0.2798 val_shift_f1=0.6072 time=24.7s per_class_f1={'neutral': 0.683, 'joy': 0.367, 'sadness': 0.051, 'anger': 0.408, 'surprise': 0.451, 'fear': 0.0, 'disgust': 0.0}
[epoch 010] loss=1.3524 val_weighted_f1=0.4500 val_macro_f1=0.2675 val_shift_f1=0.5521 time=24.3s per_class_f1={'neutral': 0.668, 'joy': 0.37, 'sadness': 0.034, 'anger': 0.359, 'surprise': 0.442, 'fear': 0.0, 'disgust': 0.0}
[epoch 011] loss=1.2935 val_weighted_f1=0.4606 val_macro_f1=0.2839 val_shift_f1=0.5979 time=24.3s per_class_f1={'neutral': 0.66, 'joy': 0.389, 'sadness': 0.118, 'anger': 0.381, 'surprise': 0.439, 'fear': 0.0, 'disgust': 0.0}
[epoch 012] loss=1.2416 val_weighted_f1=0.4619 val_macro_f1=0.2913 val_shift_f1=0.5955 time=24.8s per_class_f1={'neutral': 0.652, 'joy': 0.4, 'sadness': 0.079, 'anger': 0.393, 'surprise': 0.466, 'fear': 0.049, 'disgust': 0.0}
[epoch 013] loss=1.1857 val_weighted_f1=0.4391 val_macro_f1=0.2636 val_shift_f1=0.5696 time=24.4s per_class_f1={'neutral': 0.642, 'joy': 0.391, 'sadness': 0.033, 'anger': 0.382, 'surprise': 0.397, 'fear': 0.0, 'disgust': 0.0}
[epoch 014] loss=1.1449 val_weighted_f1=0.4406 val_macro_f1=0.2685 val_shift_f1=0.5793 time=24.7s per_class_f1={'neutral': 0.641, 'joy': 0.358, 'sadness': 0.1, 'anger': 0.387, 'surprise': 0.394, 'fear': 0.0, 'disgust': 0.0}
[epoch 015] loss=1.0999 val_weighted_f1=0.4572 val_macro_f1=0.2906 val_shift_f1=0.5694 time=24.4s per_class_f1={'neutral': 0.638, 'joy': 0.424, 'sadness': 0.092, 'anger': 0.405, 'surprise': 0.427, 'fear': 0.049, 'disgust': 0.0}
[epoch 016] loss=1.0559 val_weighted_f1=0.4547 val_macro_f1=0.2903 val_shift_f1=0.5919 time=23.9s per_class_f1={'neutral': 0.636, 'joy': 0.402, 'sadness': 0.123, 'anger': 0.384, 'surprise': 0.438, 'fear': 0.049, 'disgust': 0.0}
[epoch 017] loss=1.0180 val_weighted_f1=0.4497 val_macro_f1=0.2881 val_shift_f1=0.5656 time=24.6s per_class_f1={'neutral': 0.631, 'joy': 0.383, 'sadness': 0.166, 'anger': 0.406, 'surprise': 0.382, 'fear': 0.049, 'disgust': 0.0}
[epoch 018] loss=0.9680 val_weighted_f1=0.4269 val_macro_f1=0.2590 val_shift_f1=0.5452 time=24.8s per_class_f1={'neutral': 0.642, 'joy': 0.382, 'sadness': 0.104, 'anger': 0.272, 'surprise': 0.366, 'fear': 0.049, 'disgust': 0.0}
[epoch 019] loss=0.9337 val_weighted_f1=0.4525 val_macro_f1=0.2944 val_shift_f1=0.6199 time=24.0s per_class_f1={'neutral': 0.623, 'joy': 0.376, 'sadness': 0.191, 'anger': 0.411, 'surprise': 0.411, 'fear': 0.049, 'disgust': 0.0}
[epoch 020] loss=0.8986 val_weighted_f1=0.4523 val_macro_f1=0.2932 val_shift_f1=0.6334 time=25.0s per_class_f1={'neutral': 0.633, 'joy': 0.374, 'sadness': 0.239, 'anger': 0.343, 'surprise': 0.414, 'fear': 0.049, 'disgust': 0.0}
[epoch 021] loss=0.8753 val_weighted_f1=0.4376 val_macro_f1=0.2785 val_shift_f1=0.6618 time=24.6s per_class_f1={'neutral': 0.611, 'joy': 0.395, 'sadness': 0.22, 'anger': 0.336, 'surprise': 0.388, 'fear': 0.0, 'disgust': 0.0}
[epoch 022] loss=0.8399 val_weighted_f1=0.4483 val_macro_f1=0.2889 val_shift_f1=0.6214 time=24.5s per_class_f1={'neutral': 0.628, 'joy': 0.384, 'sadness': 0.199, 'anger': 0.388, 'surprise': 0.375, 'fear': 0.049, 'disgust': 0.0}
[epoch 023] loss=0.8042 val_weighted_f1=0.4457 val_macro_f1=0.2800 val_shift_f1=0.5981 time=24.5s per_class_f1={'neutral': 0.633, 'joy': 0.38, 'sadness': 0.205, 'anger': 0.358, 'surprise': 0.385, 'fear': 0.0, 'disgust': 0.0}
[epoch 024] loss=0.7723 val_weighted_f1=0.4331 val_macro_f1=0.2768 val_shift_f1=0.5725 time=24.6s per_class_f1={'neutral': 0.619, 'joy': 0.344, 'sadness': 0.217, 'anger': 0.348, 'surprise': 0.362, 'fear': 0.048, 'disgust': 0.0}
[epoch 025] loss=0.7536 val_weighted_f1=0.4340 val_macro_f1=0.2742 val_shift_f1=0.6138 time=24.2s per_class_f1={'neutral': 0.629, 'joy': 0.332, 'sadness': 0.196, 'anger': 0.306, 'surprise': 0.408, 'fear': 0.049, 'disgust': 0.0}
[epoch 026] loss=0.7256 val_weighted_f1=0.4457 val_macro_f1=0.2892 val_shift_f1=0.6142 time=24.9s per_class_f1={'neutral': 0.626, 'joy': 0.361, 'sadness': 0.257, 'anger': 0.347, 'surprise': 0.384, 'fear': 0.049, 'disgust': 0.0}
[epoch 027] loss=0.6939 val_weighted_f1=0.4447 val_macro_f1=0.2891 val_shift_f1=0.6080 time=24.2s per_class_f1={'neutral': 0.621, 'joy': 0.366, 'sadness': 0.246, 'anger': 0.369, 'surprise': 0.374, 'fear': 0.048, 'disgust': 0.0}
[epoch 028] loss=0.6708 val_weighted_f1=0.4375 val_macro_f1=0.2824 val_shift_f1=0.6233 time=24.8s per_class_f1={'neutral': 0.61, 'joy': 0.38, 'sadness': 0.182, 'anger': 0.344, 'surprise': 0.412, 'fear': 0.049, 'disgust': 0.0}
[epoch 029] loss=0.6470 val_weighted_f1=0.4308 val_macro_f1=0.2740 val_shift_f1=0.6061 time=24.8s per_class_f1={'neutral': 0.621, 'joy': 0.34, 'sadness': 0.219, 'anger': 0.34, 'surprise': 0.35, 'fear': 0.049, 'disgust': 0.0}
[trainer] early stopping at epoch 29 (patience=10)
[run-done] full_R_frozen_seed1337 wall_clock_sec=814.0
[status] full_R_frozen_seed1337 test_weighted_f1=0.4729 all_7_nonzero=False
[run] full_R_frozen_seed2024 (text_cache_subdir=text, seed=2024)
[trainer] shift pos_weight=0.7928
[epoch 000] loss=1.6404 val_weighted_f1=0.3952 val_macro_f1=0.2121 val_shift_f1=0.7210 time=24.4s per_class_f1={'neutral': 0.659, 'joy': 0.352, 'sadness': 0.0, 'anger': 0.061, 'surprise': 0.413, 'fear': 0.0, 'disgust': 0.0}
[epoch 001] loss=1.6305 val_weighted_f1=0.3951 val_macro_f1=0.2125 val_shift_f1=0.2296 time=24.7s per_class_f1={'neutral': 0.658, 'joy': 0.355, 'sadness': 0.0, 'anger': 0.061, 'surprise': 0.413, 'fear': 0.0, 'disgust': 0.0}
[epoch 002] loss=1.6274 val_weighted_f1=0.3849 val_macro_f1=0.2035 val_shift_f1=0.2862 time=24.9s per_class_f1={'neutral': 0.653, 'joy': 0.338, 'sadness': 0.0, 'anger': 0.049, 'surprise': 0.385, 'fear': 0.0, 'disgust': 0.0}
[epoch 003] loss=1.6065 val_weighted_f1=0.4253 val_macro_f1=0.2388 val_shift_f1=0.6830 time=24.1s per_class_f1={'neutral': 0.674, 'joy': 0.362, 'sadness': 0.0, 'anger': 0.231, 'surprise': 0.404, 'fear': 0.0, 'disgust': 0.0}
[epoch 004] loss=1.5880 val_weighted_f1=0.4283 val_macro_f1=0.2424 val_shift_f1=0.5665 time=25.1s per_class_f1={'neutral': 0.674, 'joy': 0.331, 'sadness': 0.0, 'anger': 0.28, 'surprise': 0.413, 'fear': 0.0, 'disgust': 0.0}
[epoch 005] loss=1.5571 val_weighted_f1=0.4540 val_macro_f1=0.2641 val_shift_f1=0.5252 time=24.2s per_class_f1={'neutral': 0.69, 'joy': 0.333, 'sadness': 0.0, 'anger': 0.401, 'surprise': 0.424, 'fear': 0.0, 'disgust': 0.0}
[epoch 006] loss=1.5226 val_weighted_f1=0.4534 val_macro_f1=0.2647 val_shift_f1=0.5554 time=24.4s per_class_f1={'neutral': 0.688, 'joy': 0.349, 'sadness': 0.017, 'anger': 0.361, 'surprise': 0.438, 'fear': 0.0, 'disgust': 0.0}
[epoch 007] loss=1.4803 val_weighted_f1=0.4556 val_macro_f1=0.2694 val_shift_f1=0.5968 time=24.2s per_class_f1={'neutral': 0.679, 'joy': 0.364, 'sadness': 0.017, 'anger': 0.381, 'surprise': 0.444, 'fear': 0.0, 'disgust': 0.0}
[epoch 008] loss=1.4344 val_weighted_f1=0.4478 val_macro_f1=0.2626 val_shift_f1=0.6034 time=24.2s per_class_f1={'neutral': 0.674, 'joy': 0.333, 'sadness': 0.0, 'anger': 0.387, 'surprise': 0.444, 'fear': 0.0, 'disgust': 0.0}
[epoch 009] loss=1.3838 val_weighted_f1=0.4563 val_macro_f1=0.2694 val_shift_f1=0.5333 time=24.1s per_class_f1={'neutral': 0.685, 'joy': 0.333, 'sadness': 0.034, 'anger': 0.385, 'surprise': 0.448, 'fear': 0.0, 'disgust': 0.0}
[epoch 010] loss=1.3337 val_weighted_f1=0.4426 val_macro_f1=0.2598 val_shift_f1=0.5998 time=24.4s per_class_f1={'neutral': 0.669, 'joy': 0.318, 'sadness': 0.033, 'anger': 0.383, 'surprise': 0.415, 'fear': 0.0, 'disgust': 0.0}
[epoch 011] loss=1.2817 val_weighted_f1=0.4364 val_macro_f1=0.2579 val_shift_f1=0.5718 time=23.9s per_class_f1={'neutral': 0.668, 'joy': 0.349, 'sadness': 0.017, 'anger': 0.349, 'surprise': 0.373, 'fear': 0.049, 'disgust': 0.0}
[epoch 012] loss=1.2377 val_weighted_f1=0.4380 val_macro_f1=0.2622 val_shift_f1=0.6029 time=24.3s per_class_f1={'neutral': 0.655, 'joy': 0.303, 'sadness': 0.104, 'anger': 0.357, 'surprise': 0.417, 'fear': 0.0, 'disgust': 0.0}
[epoch 013] loss=1.1982 val_weighted_f1=0.4331 val_macro_f1=0.2540 val_shift_f1=0.6079 time=24.7s per_class_f1={'neutral': 0.673, 'joy': 0.317, 'sadness': 0.033, 'anger': 0.323, 'surprise': 0.383, 'fear': 0.049, 'disgust': 0.0}
[epoch 014] loss=1.1557 val_weighted_f1=0.4354 val_macro_f1=0.2565 val_shift_f1=0.6036 time=23.8s per_class_f1={'neutral': 0.671, 'joy': 0.309, 'sadness': 0.016, 'anger': 0.335, 'surprise': 0.416, 'fear': 0.049, 'disgust': 0.0}
[epoch 015] loss=1.1191 val_weighted_f1=0.4240 val_macro_f1=0.2527 val_shift_f1=0.5854 time=24.5s per_class_f1={'neutral': 0.653, 'joy': 0.284, 'sadness': 0.082, 'anger': 0.323, 'surprise': 0.379, 'fear': 0.049, 'disgust': 0.0}
[epoch 016] loss=1.0701 val_weighted_f1=0.4263 val_macro_f1=0.2639 val_shift_f1=0.6173 time=24.0s per_class_f1={'neutral': 0.62, 'joy': 0.297, 'sadness': 0.193, 'anger': 0.346, 'surprise': 0.391, 'fear': 0.0, 'disgust': 0.0}
[epoch 017] loss=1.0374 val_weighted_f1=0.4272 val_macro_f1=0.2582 val_shift_f1=0.6174 time=23.9s per_class_f1={'neutral': 0.644, 'joy': 0.339, 'sadness': 0.085, 'anger': 0.321, 'surprise': 0.37, 'fear': 0.049, 'disgust': 0.0}
[epoch 018] loss=1.0057 val_weighted_f1=0.4371 val_macro_f1=0.2699 val_shift_f1=0.6085 time=24.9s per_class_f1={'neutral': 0.651, 'joy': 0.319, 'sadness': 0.164, 'anger': 0.319, 'surprise': 0.388, 'fear': 0.049, 'disgust': 0.0}
[epoch 019] loss=0.9639 val_weighted_f1=0.4151 val_macro_f1=0.2513 val_shift_f1=0.6147 time=24.0s per_class_f1={'neutral': 0.618, 'joy': 0.311, 'sadness': 0.152, 'anger': 0.289, 'surprise': 0.39, 'fear': 0.0, 'disgust': 0.0}
[epoch 020] loss=0.9311 val_weighted_f1=0.4233 val_macro_f1=0.2579 val_shift_f1=0.5962 time=24.6s per_class_f1={'neutral': 0.624, 'joy': 0.332, 'sadness': 0.156, 'anger': 0.313, 'surprise': 0.381, 'fear': 0.0, 'disgust': 0.0}
[epoch 021] loss=0.8984 val_weighted_f1=0.4276 val_macro_f1=0.2645 val_shift_f1=0.5963 time=24.2s per_class_f1={'neutral': 0.619, 'joy': 0.332, 'sadness': 0.176, 'anger': 0.35, 'surprise': 0.374, 'fear': 0.0, 'disgust': 0.0}
[epoch 022] loss=0.8673 val_weighted_f1=0.4108 val_macro_f1=0.2519 val_shift_f1=0.5931 time=23.8s per_class_f1={'neutral': 0.602, 'joy': 0.314, 'sadness': 0.168, 'anger': 0.329, 'surprise': 0.35, 'fear': 0.0, 'disgust': 0.0}
[epoch 023] loss=0.8397 val_weighted_f1=0.4177 val_macro_f1=0.2671 val_shift_f1=0.6169 time=24.1s per_class_f1={'neutral': 0.599, 'joy': 0.293, 'sadness': 0.211, 'anger': 0.332, 'surprise': 0.386, 'fear': 0.049, 'disgust': 0.0}
[epoch 024] loss=0.8143 val_weighted_f1=0.4151 val_macro_f1=0.2512 val_shift_f1=0.6113 time=24.8s per_class_f1={'neutral': 0.623, 'joy': 0.294, 'sadness': 0.19, 'anger': 0.317, 'surprise': 0.333, 'fear': 0.0, 'disgust': 0.0}
[epoch 025] loss=0.7844 val_weighted_f1=0.4095 val_macro_f1=0.2545 val_shift_f1=0.6189 time=24.5s per_class_f1={'neutral': 0.609, 'joy': 0.281, 'sadness': 0.185, 'anger': 0.319, 'surprise': 0.338, 'fear': 0.049, 'disgust': 0.0}
[epoch 026] loss=0.7669 val_weighted_f1=0.4067 val_macro_f1=0.2501 val_shift_f1=0.5923 time=23.8s per_class_f1={'neutral': 0.594, 'joy': 0.303, 'sadness': 0.161, 'anger': 0.323, 'surprise': 0.37, 'fear': 0.0, 'disgust': 0.0}
[epoch 027] loss=0.7339 val_weighted_f1=0.3993 val_macro_f1=0.2518 val_shift_f1=0.6074 time=24.1s per_class_f1={'neutral': 0.582, 'joy': 0.28, 'sadness': 0.18, 'anger': 0.323, 'surprise': 0.348, 'fear': 0.049, 'disgust': 0.0}
[epoch 028] loss=0.7057 val_weighted_f1=0.4088 val_macro_f1=0.2538 val_shift_f1=0.6042 time=24.4s per_class_f1={'neutral': 0.612, 'joy': 0.28, 'sadness': 0.201, 'anger': 0.273, 'surprise': 0.362, 'fear': 0.049, 'disgust': 0.0}
[trainer] early stopping at epoch 28 (patience=10)
[run-done] full_R_frozen_seed2024 wall_clock_sec=781.0
[status] full_R_frozen_seed2024 test_weighted_f1=0.4696 all_7_nonzero=False
[done] bridging matrix complete
